[Arr (array (1,10) [(1,EInt 66),(2,EInt 22),(3,EInt 6),(4,EInt 18),(5,EInt 0),(6,EInt 0),(7,EInt 21),(8,EInt 777),(9,EInt 0),(10,EInt 0)]),Arr (array (1,10) [(1,EInt 0),(2,EInt 0),(3,EInt 0),(4,EInt 0),(5,EInt 6),(6,EInt 18),(7,EInt 21),(8,EInt 22),(9,EInt 66),(10,EInt 777)])]